// Jest Snapshot v1, https://goo.gl/fbAQLP

exports[`snapshot example 1`] = `
<div
  className="sc-bdVaJa kouNyt"
>
  <header>
    <h1>
      Next Playground
    </h1>
    <div>
      <a
        href="/"
        onClick={[Function]}
      >
        Index
      </a>
      |
      <a
        href="/about"
        onClick={[Function]}
      >
        About
      </a>
    </div>
  </header>
  <h1>
    Hello
  </h1>
</div>
`;
